// Jest Snapshot v1, https://goo.gl/fbAQLP

exports[`Objective tests matchesthe snapshot 1`] = `"<form><img class=\\"logo\\" src=\\"./images/objective.png\\"/><h3>Create your objectives here</h3><div><label>Objective</label><textarea id=\\"objective\\" type=\\"text\\" name=\\"objective\\" class=\\"objective\\"></textarea></div><div><label>Start Date</label><input type=\\"date\\" class=\\"startdate\\"/></div><div><label>End Date</label><input type=\\"date\\" class=\\"enddate\\"/></div><div><label>Owner</label><select class=\\"owner\\"><option value=\\"bramwell\\">Bramwell</option></select></div><div><label>Status</label><select class=\\"status\\"><option value=\\"new\\">New</option><option value=\\"inprogress\\">In Progress</option><option value=\\"onhold\\">On Hold</option><option value=\\"done\\">Done</option></select></div><button class=\\"submit\\" type=\\"submit\\">Submit</button><button class=\\"reset\\" type=\\"reset\\">Reset</button></form>"`;
